[2026-09-08 20:32:10 INF]  Iniciando PetOS API...
[2026-09-08 20:32:10 INF]  PetOS API iniciada com sucesso.
[2026-09-08 20:32:53 ERR] Microsoft.EntityFrameworkCore.Database.Connection An error occurred using the connection to database '' on server 'localhost:1521/XEPDB1'.
[2026-09-08 20:32:53 ERR] Microsoft.EntityFrameworkCore.Infrastructure 2026-09-08 20:32:53.280296 ThreadID:8   (ERROR)   OracleExecutionStrategy.ExecuteAsync() :  Oracle.ManagedDataAccess.Client.OracleException (0x80004005): ORA-50201: Oracle Communication: Failed to connect to server or failed to parse connect string
 ---> OracleInternal.Network.NetworkException (0x80004005): ORA-50201: Oracle Communication: Failed to connect to server or failed to parse connect string
 ---> OracleInternal.Network.NetworkException (0x80004005): ORA-12541: TNS: não há listener
https://docs.oracle.com/error-help/db/ora-12541/
   at OracleInternal.Network.TcpTransportAdapter.ConnectIterate()
   at OracleInternal.Network.OracleCommunication.ConnectViaCO(ConnectionOption connOption, AddressResolution addrRes, Boolean bAsync)
   at OracleInternal.Network.OracleCommunication.DoConnect(String tnsDescriptor, Boolean bAsync)
   at OracleInternal.Network.OracleCommunication.Connect(String tnsDescriptor, Boolean doNAHandshake, String IName, ConnectionOption CO, Boolean bAsync)
   at OracleInternal.ServiceObjects.OracleConnectionImpl.Connect(ConnectionString cs, Boolean bOpenEndUserSession, OracleConnection connRefForCriteria, String instanceName, Boolean bAsync)
   at OracleInternal.ConnectionPool.PoolManager`3.Get(ConnectionString csWithDiffOrNewPassw, Boolean bGetForApp, OracleConnection connRefForCriteria, String affinityInstanceName, Boolean bForceMatch, Boolean bAsync)
   at OracleInternal.ConnectionPool.OraclePoolManager.Get(ConnectionString csWithNewPassw, Boolean bGetForApp, OracleConnection connRefForCriteria, String affinityInstanceName, Boolean bForceMatch, Boolean bAsync)
   at OracleInternal.ConnectionPool.PoolManager`3.WaitForPendingGet()
--- End of stack trace from previous location ---
   at OracleInternal.ConnectionPool.OracleConnectionDispenser`3.GetAsync(ConnectionString cs, PM conPM, ConnectionString pmCS, OracleOpaqueString securedPassw, OracleOpaqueString securedProxyPassw, OracleConnection connRefForCriteria, Boolean bAsync)
   at Oracle.ManagedDataAccess.Client.OracleConnectionInternal.OpenInternalAsync(Boolean bAsync)
   at Oracle.ManagedDataAccess.Client.OracleConnectionInternal.OpenAsyncHelper(CancellationToken cancellationToken)
   at Oracle.ManagedDataAccess.Client.OracleConnectionInternal.OpenAsyncHelper(CancellationToken cancellationToken)
   at Oracle.ManagedDataAccess.Client.OracleConnectionInternal.OpenAsync(CancellationToken cancellationToken)
   at Microsoft.EntityFrameworkCore.Storage.RelationalConnection.OpenInternalAsync(Boolean errorsExpected, CancellationToken cancellationToken)
   at Microsoft.EntityFrameworkCore.Storage.RelationalConnection.OpenInternalAsync(Boolean errorsExpected, CancellationToken cancellationToken)
   at Microsoft.EntityFrameworkCore.Storage.RelationalConnection.OpenAsync(CancellationToken cancellationToken, Boolean errorsExpected)
   at Oracle.EntityFrameworkCore.Storage.Internal.OracleRelationalCommandBuilderFactory.OracleRelationalCommandBuilder.OracleRelationalCommand.ExecuteReaderAsync(RelationalCommandParameterObject parameterObject, CancellationToken cancellationToken)
   at Microsoft.EntityFrameworkCore.Query.Internal.SingleQueryingEnumerable`1.AsyncEnumerator.InitializeReaderAsync(AsyncEnumerator enumerator, CancellationToken cancellationToken)
   at Oracle.EntityFrameworkCore.Storage.Internal.OracleExecutionStrategy.ExecuteAsync[TState,TResult](TState state, Func`4 operation, Func`4 verifySucceeded, CancellationToken cancellationToken)
[2026-09-08 20:32:53 ERR] Microsoft.EntityFrameworkCore.Query An exception occurred while iterating over the results of a query for context type 'Afetto_.Net.Data.AppDbContext'.
Oracle.ManagedDataAccess.Client.OracleException (0x80004005): ORA-50201: Oracle Communication: Failed to connect to server or failed to parse connect string
 ---> OracleInternal.Network.NetworkException (0x80004005): ORA-50201: Oracle Communication: Failed to connect to server or failed to parse connect string
 ---> OracleInternal.Network.NetworkException (0x80004005): ORA-12541: TNS: não há listener
https://docs.oracle.com/error-help/db/ora-12541/
   at OracleInternal.Network.TcpTransportAdapter.ConnectIterate()
   at OracleInternal.Network.OracleCommunication.ConnectViaCO(ConnectionOption connOption, AddressResolution addrRes, Boolean bAsync)
   at OracleInternal.Network.OracleCommunication.DoConnect(String tnsDescriptor, Boolean bAsync)
   at OracleInternal.Network.OracleCommunication.Connect(String tnsDescriptor, Boolean doNAHandshake, String IName, ConnectionOption CO, Boolean bAsync)
   at OracleInternal.ServiceObjects.OracleConnectionImpl.Connect(ConnectionString cs, Boolean bOpenEndUserSession, OracleConnection connRefForCriteria, String instanceName, Boolean bAsync)
   at OracleInternal.ConnectionPool.PoolManager`3.Get(ConnectionString csWithDiffOrNewPassw, Boolean bGetForApp, OracleConnection connRefForCriteria, String affinityInstanceName, Boolean bForceMatch, Boolean bAsync)
   at OracleInternal.ConnectionPool.OraclePoolManager.Get(ConnectionString csWithNewPassw, Boolean bGetForApp, OracleConnection connRefForCriteria, String affinityInstanceName, Boolean bForceMatch, Boolean bAsync)
   at OracleInternal.ConnectionPool.PoolManager`3.WaitForPendingGet()
--- End of stack trace from previous location ---
   at OracleInternal.ConnectionPool.OracleConnectionDispenser`3.GetAsync(ConnectionString cs, PM conPM, ConnectionString pmCS, OracleOpaqueString securedPassw, OracleOpaqueString securedProxyPassw, OracleConnection connRefForCriteria, Boolean bAsync)
   at Oracle.ManagedDataAccess.Client.OracleConnectionInternal.OpenInternalAsync(Boolean bAsync)
   at Oracle.ManagedDataAccess.Client.OracleConnectionInternal.OpenAsyncHelper(CancellationToken cancellationToken)
   at Oracle.ManagedDataAccess.Client.OracleConnectionInternal.OpenAsyncHelper(CancellationToken cancellationToken)
   at Oracle.ManagedDataAccess.Client.OracleConnectionInternal.OpenAsync(CancellationToken cancellationToken)
   at Microsoft.EntityFrameworkCore.Storage.RelationalConnection.OpenInternalAsync(Boolean errorsExpected, CancellationToken cancellationToken)
   at Microsoft.EntityFrameworkCore.Storage.RelationalConnection.OpenInternalAsync(Boolean errorsExpected, CancellationToken cancellationToken)
   at Microsoft.EntityFrameworkCore.Storage.RelationalConnection.OpenAsync(CancellationToken cancellationToken, Boolean errorsExpected)
   at Oracle.EntityFrameworkCore.Storage.Internal.OracleRelationalCommandBuilderFactory.OracleRelationalCommandBuilder.OracleRelationalCommand.ExecuteReaderAsync(RelationalCommandParameterObject parameterObject, CancellationToken cancellationToken)
   at Microsoft.EntityFrameworkCore.Query.Internal.SingleQueryingEnumerable`1.AsyncEnumerator.InitializeReaderAsync(AsyncEnumerator enumerator, CancellationToken cancellationToken)
   at Oracle.EntityFrameworkCore.Storage.Internal.OracleExecutionStrategy.ExecuteAsync[TState,TResult](TState state, Func`4 operation, Func`4 verifySucceeded, CancellationToken cancellationToken)
   at Microsoft.EntityFrameworkCore.Query.Internal.SingleQueryingEnumerable`1.AsyncEnumerator.MoveNextAsync()
Oracle.ManagedDataAccess.Client.OracleException (0x80004005): ORA-50201: Oracle Communication: Failed to connect to server or failed to parse connect string
 ---> OracleInternal.Network.NetworkException (0x80004005): ORA-50201: Oracle Communication: Failed to connect to server or failed to parse connect string
 ---> OracleInternal.Network.NetworkException (0x80004005): ORA-12541: TNS: não há listener
https://docs.oracle.com/error-help/db/ora-12541/
   at OracleInternal.Network.TcpTransportAdapter.ConnectIterate()
   at OracleInternal.Network.OracleCommunication.ConnectViaCO(ConnectionOption connOption, AddressResolution addrRes, Boolean bAsync)
   at OracleInternal.Network.OracleCommunication.DoConnect(String tnsDescriptor, Boolean bAsync)
   at OracleInternal.Network.OracleCommunication.Connect(String tnsDescriptor, Boolean doNAHandshake, String IName, ConnectionOption CO, Boolean bAsync)
   at OracleInternal.ServiceObjects.OracleConnectionImpl.Connect(ConnectionString cs, Boolean bOpenEndUserSession, OracleConnection connRefForCriteria, String instanceName, Boolean bAsync)
   at OracleInternal.ConnectionPool.PoolManager`3.Get(ConnectionString csWithDiffOrNewPassw, Boolean bGetForApp, OracleConnection connRefForCriteria, String affinityInstanceName, Boolean bForceMatch, Boolean bAsync)
   at OracleInternal.ConnectionPool.OraclePoolManager.Get(ConnectionString csWithNewPassw, Boolean bGetForApp, OracleConnection connRefForCriteria, String affinityInstanceName, Boolean bForceMatch, Boolean bAsync)
   at OracleInternal.ConnectionPool.PoolManager`3.WaitForPendingGet()
--- End of stack trace from previous location ---
   at OracleInternal.ConnectionPool.OracleConnectionDispenser`3.GetAsync(ConnectionString cs, PM conPM, ConnectionString pmCS, OracleOpaqueString securedPassw, OracleOpaqueString securedProxyPassw, OracleConnection connRefForCriteria, Boolean bAsync)
   at Oracle.ManagedDataAccess.Client.OracleConnectionInternal.OpenInternalAsync(Boolean bAsync)
   at Oracle.ManagedDataAccess.Client.OracleConnectionInternal.OpenAsyncHelper(CancellationToken cancellationToken)
   at Oracle.ManagedDataAccess.Client.OracleConnectionInternal.OpenAsyncHelper(CancellationToken cancellationToken)
   at Oracle.ManagedDataAccess.Client.OracleConnectionInternal.OpenAsync(CancellationToken cancellationToken)
   at Microsoft.EntityFrameworkCore.Storage.RelationalConnection.OpenInternalAsync(Boolean errorsExpected, CancellationToken cancellationToken)
   at Microsoft.EntityFrameworkCore.Storage.RelationalConnection.OpenInternalAsync(Boolean errorsExpected, CancellationToken cancellationToken)
   at Microsoft.EntityFrameworkCore.Storage.RelationalConnection.OpenAsync(CancellationToken cancellationToken, Boolean errorsExpected)
   at Oracle.EntityFrameworkCore.Storage.Internal.OracleRelationalCommandBuilderFactory.OracleRelationalCommandBuilder.OracleRelationalCommand.ExecuteReaderAsync(RelationalCommandParameterObject parameterObject, CancellationToken cancellationToken)
   at Microsoft.EntityFrameworkCore.Query.Internal.SingleQueryingEnumerable`1.AsyncEnumerator.InitializeReaderAsync(AsyncEnumerator enumerator, CancellationToken cancellationToken)
   at Oracle.EntityFrameworkCore.Storage.Internal.OracleExecutionStrategy.ExecuteAsync[TState,TResult](TState state, Func`4 operation, Func`4 verifySucceeded, CancellationToken cancellationToken)
   at Microsoft.EntityFrameworkCore.Query.Internal.SingleQueryingEnumerable`1.AsyncEnumerator.MoveNextAsync()
[2026-09-08 20:32:53 ERR] Serilog.AspNetCore.RequestLoggingMiddleware HTTP GET /api/usuarios respondeu 500 em 4965.4380ms
Oracle.ManagedDataAccess.Client.OracleException (0x80004005): ORA-50201: Oracle Communication: Failed to connect to server or failed to parse connect string
 ---> OracleInternal.Network.NetworkException (0x80004005): ORA-50201: Oracle Communication: Failed to connect to server or failed to parse connect string
 ---> OracleInternal.Network.NetworkException (0x80004005): ORA-12541: TNS: não há listener
https://docs.oracle.com/error-help/db/ora-12541/
   at OracleInternal.Network.TcpTransportAdapter.ConnectIterate()
   at OracleInternal.Network.OracleCommunication.ConnectViaCO(ConnectionOption connOption, AddressResolution addrRes, Boolean bAsync)
   at OracleInternal.Network.OracleCommunication.DoConnect(String tnsDescriptor, Boolean bAsync)
   at OracleInternal.Network.OracleCommunication.Connect(String tnsDescriptor, Boolean doNAHandshake, String IName, ConnectionOption CO, Boolean bAsync)
   at OracleInternal.ServiceObjects.OracleConnectionImpl.Connect(ConnectionString cs, Boolean bOpenEndUserSession, OracleConnection connRefForCriteria, String instanceName, Boolean bAsync)
   at OracleInternal.ConnectionPool.PoolManager`3.Get(ConnectionString csWithDiffOrNewPassw, Boolean bGetForApp, OracleConnection connRefForCriteria, String affinityInstanceName, Boolean bForceMatch, Boolean bAsync)
   at OracleInternal.ConnectionPool.OraclePoolManager.Get(ConnectionString csWithNewPassw, Boolean bGetForApp, OracleConnection connRefForCriteria, String affinityInstanceName, Boolean bForceMatch, Boolean bAsync)
   at OracleInternal.ConnectionPool.PoolManager`3.WaitForPendingGet()
--- End of stack trace from previous location ---
   at OracleInternal.ConnectionPool.OracleConnectionDispenser`3.GetAsync(ConnectionString cs, PM conPM, ConnectionString pmCS, OracleOpaqueString securedPassw, OracleOpaqueString securedProxyPassw, OracleConnection connRefForCriteria, Boolean bAsync)
   at Oracle.ManagedDataAccess.Client.OracleConnectionInternal.OpenInternalAsync(Boolean bAsync)
   at Oracle.ManagedDataAccess.Client.OracleConnectionInternal.OpenAsyncHelper(CancellationToken cancellationToken)
   at Oracle.ManagedDataAccess.Client.OracleConnectionInternal.OpenAsyncHelper(CancellationToken cancellationToken)
   at Oracle.ManagedDataAccess.Client.OracleConnectionInternal.OpenAsync(CancellationToken cancellationToken)
   at Microsoft.EntityFrameworkCore.Storage.RelationalConnection.OpenInternalAsync(Boolean errorsExpected, CancellationToken cancellationToken)
   at Microsoft.EntityFrameworkCore.Storage.RelationalConnection.OpenInternalAsync(Boolean errorsExpected, CancellationToken cancellationToken)
   at Microsoft.EntityFrameworkCore.Storage.RelationalConnection.OpenAsync(CancellationToken cancellationToken, Boolean errorsExpected)
   at Oracle.EntityFrameworkCore.Storage.Internal.OracleRelationalCommandBuilderFactory.OracleRelationalCommandBuilder.OracleRelationalCommand.ExecuteReaderAsync(RelationalCommandParameterObject parameterObject, CancellationToken cancellationToken)
   at Microsoft.EntityFrameworkCore.Query.Internal.SingleQueryingEnumerable`1.AsyncEnumerator.InitializeReaderAsync(AsyncEnumerator enumerator, CancellationToken cancellationToken)
   at Oracle.EntityFrameworkCore.Storage.Internal.OracleExecutionStrategy.ExecuteAsync[TState,TResult](TState state, Func`4 operation, Func`4 verifySucceeded, CancellationToken cancellationToken)
   at Microsoft.EntityFrameworkCore.Query.Internal.SingleQueryingEnumerable`1.AsyncEnumerator.MoveNextAsync()
   at Microsoft.EntityFrameworkCore.EntityFrameworkQueryableExtensions.ToListAsync[TSource](IQueryable`1 source, CancellationToken cancellationToken)
   at Microsoft.EntityFrameworkCore.EntityFrameworkQueryableExtensions.ToListAsync[TSource](IQueryable`1 source, CancellationToken cancellationToken)
   at Afetto_.Net.Repositories.UsuarioRepository.GetAllAsync() in F:\visualstudio\Afetto-.Net\Afetto-.Net\Repositories\UsuarioRepository.cs:line 27
   at Afetto_.Net.Services.UsuarioService.GetAllAsync() in F:\visualstudio\Afetto-.Net\Afetto-.Net\Services\UsuarioService.cs:line 20
   at Afetto_.Net.Controllers.UsuarioController.GetAll() in F:\visualstudio\Afetto-.Net\Afetto-.Net\Controllers\Usuariocontroller.cs:line 24
   at Microsoft.AspNetCore.Mvc.Infrastructure.ActionMethodExecutor.TaskOfIActionResultExecutor.Execute(ActionContext actionContext, IActionResultTypeMapper mapper, ObjectMethodExecutor executor, Object controller, Object[] arguments)
   at Microsoft.AspNetCore.Mvc.Infrastructure.ControllerActionInvoker.<InvokeActionMethodAsync>g__Logged|12_1(ControllerActionInvoker invoker)
   at Microsoft.AspNetCore.Mvc.Infrastructure.ControllerActionInvoker.<InvokeNextActionFilterAsync>g__Awaited|10_0(ControllerActionInvoker invoker, Task lastTask, State next, Scope scope, Object state, Boolean isCompleted)
   at Microsoft.AspNetCore.Mvc.Infrastructure.ControllerActionInvoker.Rethrow(ActionExecutedContextSealed context)
   at Microsoft.AspNetCore.Mvc.Infrastructure.ControllerActionInvoker.Next(State& next, Scope& scope, Object& state, Boolean& isCompleted)
   at Microsoft.AspNetCore.Mvc.Infrastructure.ControllerActionInvoker.<InvokeInnerFilterAsync>g__Awaited|13_0(ControllerActionInvoker invoker, Task lastTask, State next, Scope scope, Object state, Boolean isCompleted)
   at Microsoft.AspNetCore.Mvc.Infrastructure.ResourceInvoker.<InvokeFilterPipelineAsync>g__Awaited|20_0(ResourceInvoker invoker, Task lastTask, State next, Scope scope, Object state, Boolean isCompleted)
   at Microsoft.AspNetCore.Mvc.Infrastructure.ResourceInvoker.<InvokeAsync>g__Logged|17_1(ResourceInvoker invoker)
   at Microsoft.AspNetCore.Mvc.Infrastructure.ResourceInvoker.<InvokeAsync>g__Logged|17_1(ResourceInvoker invoker)
   at Microsoft.AspNetCore.Authorization.AuthorizationMiddleware.Invoke(HttpContext context)
   at Serilog.AspNetCore.RequestLoggingMiddleware.Invoke(HttpContext httpContext)
[2026-09-08 20:32:53 ERR] Microsoft.AspNetCore.Diagnostics.DeveloperExceptionPageMiddleware An unhandled exception has occurred while executing the request.
Oracle.ManagedDataAccess.Client.OracleException (0x80004005): ORA-50201: Oracle Communication: Failed to connect to server or failed to parse connect string
 ---> OracleInternal.Network.NetworkException (0x80004005): ORA-50201: Oracle Communication: Failed to connect to server or failed to parse connect string
 ---> OracleInternal.Network.NetworkException (0x80004005): ORA-12541: TNS: não há listener
https://docs.oracle.com/error-help/db/ora-12541/
   at OracleInternal.Network.TcpTransportAdapter.ConnectIterate()
   at OracleInternal.Network.OracleCommunication.ConnectViaCO(ConnectionOption connOption, AddressResolution addrRes, Boolean bAsync)
   at OracleInternal.Network.OracleCommunication.DoConnect(String tnsDescriptor, Boolean bAsync)
   at OracleInternal.Network.OracleCommunication.Connect(String tnsDescriptor, Boolean doNAHandshake, String IName, ConnectionOption CO, Boolean bAsync)
   at OracleInternal.ServiceObjects.OracleConnectionImpl.Connect(ConnectionString cs, Boolean bOpenEndUserSession, OracleConnection connRefForCriteria, String instanceName, Boolean bAsync)
   at OracleInternal.ConnectionPool.PoolManager`3.Get(ConnectionString csWithDiffOrNewPassw, Boolean bGetForApp, OracleConnection connRefForCriteria, String affinityInstanceName, Boolean bForceMatch, Boolean bAsync)
   at OracleInternal.ConnectionPool.OraclePoolManager.Get(ConnectionString csWithNewPassw, Boolean bGetForApp, OracleConnection connRefForCriteria, String affinityInstanceName, Boolean bForceMatch, Boolean bAsync)
   at OracleInternal.ConnectionPool.PoolManager`3.WaitForPendingGet()
--- End of stack trace from previous location ---
   at OracleInternal.ConnectionPool.OracleConnectionDispenser`3.GetAsync(ConnectionString cs, PM conPM, ConnectionString pmCS, OracleOpaqueString securedPassw, OracleOpaqueString securedProxyPassw, OracleConnection connRefForCriteria, Boolean bAsync)
   at Oracle.ManagedDataAccess.Client.OracleConnectionInternal.OpenInternalAsync(Boolean bAsync)
   at Oracle.ManagedDataAccess.Client.OracleConnectionInternal.OpenAsyncHelper(CancellationToken cancellationToken)
   at Oracle.ManagedDataAccess.Client.OracleConnectionInternal.OpenAsyncHelper(CancellationToken cancellationToken)
   at Oracle.ManagedDataAccess.Client.OracleConnectionInternal.OpenAsync(CancellationToken cancellationToken)
   at Microsoft.EntityFrameworkCore.Storage.RelationalConnection.OpenInternalAsync(Boolean errorsExpected, CancellationToken cancellationToken)
   at Microsoft.EntityFrameworkCore.Storage.RelationalConnection.OpenInternalAsync(Boolean errorsExpected, CancellationToken cancellationToken)
   at Microsoft.EntityFrameworkCore.Storage.RelationalConnection.OpenAsync(CancellationToken cancellationToken, Boolean errorsExpected)
   at Oracle.EntityFrameworkCore.Storage.Internal.OracleRelationalCommandBuilderFactory.OracleRelationalCommandBuilder.OracleRelationalCommand.ExecuteReaderAsync(RelationalCommandParameterObject parameterObject, CancellationToken cancellationToken)
   at Microsoft.EntityFrameworkCore.Query.Internal.SingleQueryingEnumerable`1.AsyncEnumerator.InitializeReaderAsync(AsyncEnumerator enumerator, CancellationToken cancellationToken)
   at Oracle.EntityFrameworkCore.Storage.Internal.OracleExecutionStrategy.ExecuteAsync[TState,TResult](TState state, Func`4 operation, Func`4 verifySucceeded, CancellationToken cancellationToken)
   at Microsoft.EntityFrameworkCore.Query.Internal.SingleQueryingEnumerable`1.AsyncEnumerator.MoveNextAsync()
   at Microsoft.EntityFrameworkCore.EntityFrameworkQueryableExtensions.ToListAsync[TSource](IQueryable`1 source, CancellationToken cancellationToken)
   at Microsoft.EntityFrameworkCore.EntityFrameworkQueryableExtensions.ToListAsync[TSource](IQueryable`1 source, CancellationToken cancellationToken)
   at Afetto_.Net.Repositories.UsuarioRepository.GetAllAsync() in F:\visualstudio\Afetto-.Net\Afetto-.Net\Repositories\UsuarioRepository.cs:line 27
   at Afetto_.Net.Services.UsuarioService.GetAllAsync() in F:\visualstudio\Afetto-.Net\Afetto-.Net\Services\UsuarioService.cs:line 20
   at Afetto_.Net.Controllers.UsuarioController.GetAll() in F:\visualstudio\Afetto-.Net\Afetto-.Net\Controllers\Usuariocontroller.cs:line 24
   at Microsoft.AspNetCore.Mvc.Infrastructure.ActionMethodExecutor.TaskOfIActionResultExecutor.Execute(ActionContext actionContext, IActionResultTypeMapper mapper, ObjectMethodExecutor executor, Object controller, Object[] arguments)
   at Microsoft.AspNetCore.Mvc.Infrastructure.ControllerActionInvoker.<InvokeActionMethodAsync>g__Logged|12_1(ControllerActionInvoker invoker)
   at Microsoft.AspNetCore.Mvc.Infrastructure.ControllerActionInvoker.<InvokeNextActionFilterAsync>g__Awaited|10_0(ControllerActionInvoker invoker, Task lastTask, State next, Scope scope, Object state, Boolean isCompleted)
   at Microsoft.AspNetCore.Mvc.Infrastructure.ControllerActionInvoker.Rethrow(ActionExecutedContextSealed context)
   at Microsoft.AspNetCore.Mvc.Infrastructure.ControllerActionInvoker.Next(State& next, Scope& scope, Object& state, Boolean& isCompleted)
   at Microsoft.AspNetCore.Mvc.Infrastructure.ControllerActionInvoker.<InvokeInnerFilterAsync>g__Awaited|13_0(ControllerActionInvoker invoker, Task lastTask, State next, Scope scope, Object state, Boolean isCompleted)
   at Microsoft.AspNetCore.Mvc.Infrastructure.ResourceInvoker.<InvokeFilterPipelineAsync>g__Awaited|20_0(ResourceInvoker invoker, Task lastTask, State next, Scope scope, Object state, Boolean isCompleted)
   at Microsoft.AspNetCore.Mvc.Infrastructure.ResourceInvoker.<InvokeAsync>g__Logged|17_1(ResourceInvoker invoker)
   at Microsoft.AspNetCore.Mvc.Infrastructure.ResourceInvoker.<InvokeAsync>g__Logged|17_1(ResourceInvoker invoker)
   at Microsoft.AspNetCore.Authorization.AuthorizationMiddleware.Invoke(HttpContext context)
   at Serilog.AspNetCore.RequestLoggingMiddleware.Invoke(HttpContext httpContext)
   at Swashbuckle.AspNetCore.SwaggerUI.SwaggerUIMiddleware.Invoke(HttpContext httpContext)
   at Swashbuckle.AspNetCore.Swagger.SwaggerMiddleware.Invoke(HttpContext httpContext, ISwaggerProvider swaggerProvider)
   at Microsoft.AspNetCore.Authentication.AuthenticationMiddleware.Invoke(HttpContext context)
   at Microsoft.AspNetCore.Diagnostics.DeveloperExceptionPageMiddlewareImpl.Invoke(HttpContext context)
[2026-09-08 21:09:19 INF]  Iniciando PetOS API...
[2026-09-08 21:09:19 INF]  PetOS API iniciada com sucesso.
[2026-09-08 21:11:33 INF]  Iniciando PetOS API...
[2026-09-08 21:11:33 INF]  PetOS API iniciada com sucesso.
[2026-09-08 21:19:04 INF]  Iniciando PetOS API...
[2026-09-08 21:19:04 INF]  PetOS API iniciada com sucesso.
